// Jest Snapshot v1, https://goo.gl/fbAQLP

exports[`FATextArea should match snapshot 1`] = `
<RNCSafeAreaProvider
  onInsetsChange={[Function]}
  style={
    Array [
      Object {
        "flex": 1,
      },
      undefined,
    ]
  }
>
  <View
    dataSet={Object {}}
    isFocused={false}
    style={
      Object {
        "alignItems": "center",
        "borderColor": "#B2D0C6",
        "borderRadius": 4,
        "borderWidth": 1,
        "flexDirection": "row",
        "height": 80,
        "overflow": "hidden",
      }
    }
  >
    <TextInput
      accessible={true}
      dataSet={Object {}}
      editable={true}
      multiline={true}
      onBlur={[Function]}
      onFocus={[Function]}
      onKeyPress={[Function]}
      placeholderTextColor="#a3a3a3"
      secureTextEntry={false}
      selectionColor="#1f2937"
      style={
        Object {
          "backgroundColor": "transparent",
          "color": "#171717",
          "flex": 1,
          "fontFamily": undefined,
          "fontSize": 12,
          "fontStyle": "normal",
          "fontWeight": "400",
          "height": "100%",
          "paddingBottom": 8,
          "paddingLeft": 12,
          "paddingRight": 12,
          "paddingTop": 8,
          "width": "100%",
        }
      }
      textAlignVertical="top"
    />
  </View>
</RNCSafeAreaProvider>
`;
