// Jest Snapshot v1, https://goo.gl/fbAQLP

exports[`FASpinner should match snapshot 1`] = `
<RNCSafeAreaProvider
  onInsetsChange={[Function]}
  style={
    Array [
      Object {
        "flex": 1,
      },
      undefined,
    ]
  }
>
  <View
    dataSet={Object {}}
    style={
      Object {
        "flexDirection": "row",
      }
    }
  >
    <ActivityIndicator
      accessibilityLabel="loading"
      accessible={true}
      color="#0891b2"
      size="small"
      style={
        Array [
          Array [
            Object {},
            Object {
              "dataSet": Object {},
            },
          ],
          undefined,
        ]
      }
    />
    <View
      dataSet={Object {}}
      style={
        Object {
          "width": 16,
        }
      }
    />
    <Text
      dataSet={Object {}}
      style={
        Object {
          "backgroundColor": undefined,
          "color": "#171717",
          "fontFamily": undefined,
          "fontSize": null,
          "fontStyle": "normal",
          "fontWeight": "700",
          "letterSpacing": 0,
          "lineHeight": 30,
          "textDecorationLine": undefined,
        }
      }
    >
      Test
    </Text>
  </View>
</RNCSafeAreaProvider>
`;
