// Jest Snapshot v1, https://goo.gl/fbAQLP

exports[`FASwitch should match snapshot 1`] = `
<RNCSafeAreaProvider
  onInsetsChange={[Function]}
  style={
    Array [
      Object {
        "flex": 1,
      },
      undefined,
    ]
  }
>
  <RCTSwitch
    accessibilityRole="switch"
    activeThumbColor="#fafafa"
    colorScheme="primary"
    dataSet={Object {}}
    onChange={[Function]}
    onResponderTerminationRequest={[Function]}
    onStartShouldSetResponder={[Function]}
    onTintColor="#0891b2"
    style={
      Array [
        Object {
          "height": 31,
          "width": 51,
        },
        Array [
          Object {},
          Object {
            "backgroundColor": "#B2D0C6",
            "borderRadius": 16,
          },
        ],
      ]
    }
    thumbTintColor="#fafafa"
    tintColor="#B2D0C6"
    value={false}
  />
</RNCSafeAreaProvider>
`;
