// Jest Snapshot v1, https://goo.gl/fbAQLP

exports[`FABadge should match snapshot 1`] = `
<RNCSafeAreaProvider
  onInsetsChange={[Function]}
  style={
    Array [
      Object {
        "flex": 1,
      },
      undefined,
    ]
  }
>
  <View
    colorScheme="muted"
    dataSet={Object {}}
    style={
      Object {
        "alignItems": "center",
        "backgroundColor": "#f5f5f5",
        "borderColor": "transparent",
        "borderRadius": 2,
        "borderWidth": 1,
        "flexDirection": "row",
        "justifyContent": "center",
        "paddingBottom": 2,
        "paddingLeft": 8,
        "paddingRight": 8,
        "paddingTop": 2,
      }
    }
    testID="badge-example"
  >
    <View
      dataSet={Object {}}
      style={Object {}}
    >
      <Text
        dataSet={Object {}}
        style={
          Object {
            "backgroundColor": undefined,
            "color": "#171717",
            "fontFamily": undefined,
            "fontSize": 12,
            "fontStyle": "normal",
            "fontWeight": "500",
            "letterSpacing": 0,
            "lineHeight": 18,
            "textDecorationLine": undefined,
          }
        }
      >
        Test
      </Text>
    </View>
  </View>
</RNCSafeAreaProvider>
`;
